ÔöîÔöÇÔöÇÔöÇÔöÇÔöÇÔöÇÔöÇÔöÇÔöÇÔöÇÔöÇÔöÇÔöÇÔöÇÔöÇÔöÇÔöÇÔöÇÔöÇÔöÇÔöÇÔöÇÔöÇÔöÇÔöÇÔöÇÔöÇÔöÇÔöÇÔöÇÔöÇÔöÇÔöÇÔöÇÔöÇÔöÇÔöÇÔöÇÔöÇÔöÇÔöÇÔöÇÔöÇÔöÇÔöÇÔöÇÔöÇÔöÇÔöÇÔöÇÔöÇÔöÇÔöÇÔöÇÔöÇÔöÇÔöÇÔöÇÔöÇÔöÇÔöÇÔöÇÔöÇÔöÇÔöÇÔöÇÔöÇÔöÇÔöÇÔöÇÔöÇÔöÇÔöÇÔöÇÔöÇÔöÇÔöÇÔöÉ
Ôöé ­ƒÜÇ GESTOR DE TR├üFEGO IA ÔÇö Teste de Integra├º├úo (Fase 2)                      Ôöé
Ôöé Testando fluxo completo: Orquestrador ÔåÆ Copywriter ÔåÆ Compliance ÔåÆ Executor  Ôöé
Ôöé ÔåÆ Analista                                                                  Ôöé
ÔööÔöÇÔöÇÔöÇÔöÇÔöÇÔöÇÔöÇÔöÇÔöÇÔöÇÔöÇÔöÇÔöÇÔöÇÔöÇÔöÇÔöÇÔöÇÔöÇÔöÇÔöÇÔöÇÔöÇÔöÇÔöÇÔöÇÔöÇÔöÇÔöÇÔöÇÔöÇÔöÇÔöÇÔöÇÔöÇÔöÇÔöÇÔöÇÔöÇÔöÇÔöÇÔöÇÔöÇÔöÇÔöÇÔöÇÔöÇÔöÇÔöÇÔöÇÔöÇÔöÇÔöÇÔöÇÔöÇÔöÇÔöÇÔöÇÔöÇÔöÇÔöÇÔöÇÔöÇÔöÇÔöÇÔöÇÔöÇÔöÇÔöÇÔöÇÔöÇÔöÇÔöÇÔöÇÔöÇÔöÇÔöÇÔöÿ

­ƒöº Verificando configura├º├úo...
 Provedores ativos:  groq, google       
 Meta Ads:           ÔÜá´©Å N├úo configurado 
 Telegram:           ÔÜá´©Å Desativado      
 Modo:               COPILOT            
10:17:55 | INFO     | app.core.database         | \u2705 Banco de dados inicializado: D:\Gestor de Trßfego\data\gestor_trafego.db

1/5 ­ƒºá ORQUESTRADOR ÔÇö Interpretando briefing...
Briefing: Quero criar uma campanha para trocar pneus aro 15. Meu auto center 
fica em S├úo Paulo, zona sul. Or├ºamento de R$50 por dia. Quero atrair motoristas
que precisam trocar pneu.

10:17:55 | INFO     | app.agents.orchestrator   | [Orquestrador] Nicho detectado localmente: auto_center
10:17:55 | INFO     | app.core.llm_router       | [orchestrator] Tentando: groq/groq/llama-3.3-70b-versatile
10:17:55 - LiteLLM:INFO: utils.py:3932 - 
LiteLLM completion() model= llama-3.3-70b-versatile; provider = groq
10:17:55 | INFO     | LiteLLM                   | 
LiteLLM completion() model= llama-3.3-70b-versatile; provider = groq
10:17:56 | INFO     | app.core.llm_router       | [orchestrator] \u2705 Sucesso via groq/groq/llama-3.3-70b-versatile (761 tokens)
10:17:56 | INFO     | app.agents.orchestrator   | [Orquestrador] Briefing interpretado com sucesso. Objetivo: OUTCOME_LEADS
ÔöîÔöÇÔöÇÔöÇÔöÇÔöÇÔöÇÔöÇÔöÇÔöÇÔöÇÔöÇÔöÇÔöÇÔöÇÔöÇÔöÇÔöÇÔöÇÔöÇÔöÇÔöÇÔöÇÔöÇÔöÇÔöÇ Ô£à Briefing Interpretado ÔöÇÔöÇÔöÇÔöÇÔöÇÔöÇÔöÇÔöÇÔöÇÔöÇÔöÇÔöÇÔöÇÔöÇÔöÇÔöÇÔöÇÔöÇÔöÇÔöÇÔöÇÔöÇÔöÇÔöÇÔöÇÔöÇÔöÉ
Ôöé {                                                                           Ôöé
Ôöé   "produto": "troca de pneus aro 15",                                       Ôöé
Ôöé   "orcamento_diario": 50.0,                                                 Ôöé
Ôöé   "nicho": "auto_center",                                                   Ôöé
Ôöé   "objetivo": "OUTCOME_LEADS",                                              Ôöé
Ôöé   "publico_alvo": {                                                         Ôöé
Ôöé     "idade_min": 18,                                                        Ôöé
Ôöé     "idade_max": 65,                                                        Ôöé
Ôöé     "interesses": [                                                         Ôöé
Ôöé       "carros",                                                             Ôöé
Ôöé       "manuten├º├úo automotiva",                                              Ôöé
Ôöé       "seguran├ºa no tr├ónsito"                                               Ôöé
Ôöé     ],                                                                      Ôöé
Ôöé     "localizacao": "S├úo Paulo, zona sul"                                    Ôöé
Ôöé   },                                                                        Ôöé
Ôöé   "proximo_passo": "copywriter",                                            Ôöé
Ôöé   "instrucao_agente": "Desenvolver an├║ncios atraentes para motoristas que   Ôöé
Ôöé precisam trocar pneus, destacando a import├óncia da seguran├ºa e a qualidade  Ôöé
Ôöé do servi├ºo oferecido pelo auto center."                                     Ôöé
Ôöé }                                                                           Ôöé
ÔööÔöÇÔöÇÔöÇÔöÇÔöÇÔöÇÔöÇÔöÇÔöÇÔöÇÔöÇÔöÇÔöÇÔöÇÔöÇÔöÇÔöÇÔöÇÔöÇÔöÇÔöÇÔöÇÔöÇÔöÇÔöÇÔöÇÔöÇÔöÇÔöÇÔöÇÔöÇÔöÇÔöÇÔöÇÔöÇÔöÇÔöÇÔöÇÔöÇÔöÇÔöÇÔöÇÔöÇÔöÇÔöÇÔöÇÔöÇÔöÇÔöÇÔöÇÔöÇÔöÇÔöÇÔöÇÔöÇÔöÇÔöÇÔöÇÔöÇÔöÇÔöÇÔöÇÔöÇÔöÇÔöÇÔöÇÔöÇÔöÇÔöÇÔöÇÔöÇÔöÇÔöÇÔöÇÔöÇÔöÇÔöÇÔöÿ
via groq / groq/llama-3.3-70b-versatile (761 tokens)

2/5 Ô£ì´©Å COPYWRITER ÔÇö Gerando copies...
10:17:56 | INFO     | app.agents.copywriter     | [Copywriter] Template de nicho carregado: auto_center
10:17:56 | INFO     | app.core.llm_router       | [copywriter] Tentando: google/gemini/gemini-2.0-flash
10:17:56 - LiteLLM:INFO: utils.py:3932 - 
LiteLLM completion() model= gemini-2.0-flash; provider = gemini
10:17:56 | INFO     | LiteLLM                   | 
LiteLLM completion() model= gemini-2.0-flash; provider = gemini
10:17:56 | WARNING  | app.core.llm_router       | [copywriter] \u26a0\ufe0f Falha em google/gemini/gemini-2.0-flash: RateLimitError: litellm.RateLimitError: litellm.RateLimitError: geminiException - {
  "error": {
    "code": 429,
    "message": "You exceeded your current quota, please check your plan and billing details. For more information on this error, head to: https://ai.google.dev/gemini-api/docs/rate-limits. To monitor your current usage, head to: https://ai.dev/rate-limit. \n* Quota exceeded for metric: generativelanguage.googleapis.com/generate_content_free_tier_requests, limit: 0, model: gemini-2.0-flash\n* Quota exceeded for metric: generativelanguage.googleapis.com/generate_content_free_tier_requests, limit: 0, model: gemini-2.0-flash\n* Quota exceeded for metric: generativelanguage.googleapis.com/generate_content_free_tier_input_token_count, limit: 0, model: gemini-2.0-flash\nPlease retry in 3.34990376s.",
    "status": "RESOURCE_EXHAUSTED",
    "details": [
      {
        "@type": "type.googleapis.com/google.rpc.Help",
        "links": [
          {
            "description": "Learn more about Gemini API quotas",
            "url": "https://ai.google.dev/gemini-api/docs/rate-limits"
          }
        ]
      },
      {
        "@type": "type.googleapis.com/google.rpc.QuotaFailure",
        "violations": [
          {
            "quotaMetric": "generativelanguage.googleapis.com/generate_content_free_tier_requests",
            "quotaId": "GenerateRequestsPerDayPerProjectPerModel-FreeTier",
            "quotaDimensions": {
              "location": "global",
              "model": "gemini-2.0-flash"
            }
          },
          {
            "quotaMetric": "generativelanguage.googleapis.com/generate_content_free_tier_requests",
            "quotaId": "GenerateRequestsPerMinutePerProjectPerModel-FreeTier",
            "quotaDimensions": {
              "model": "gemini-2.0-flash",
              "location": "global"
            }
          },
          {
            "quotaMetric": "generativelanguage.googleapis.com/generate_content_free_tier_input_token_count",
            "quotaId": "GenerateContentInputTokensPerModelPerMinute-FreeTier",
            "quotaDimensions": {
              "location": "global",
              "model": "gemini-2.0-flash"
            }
          }
        ]
      },
      {
        "@type": "type.googleapis.com/google.rpc.RetryInfo",
        "retryDelay": "3s"
      }
    ]
  }
}
. Tentando pr¾ximo...
10:17:56 | INFO     | app.core.llm_router       | [copywriter] Tentando: groq/groq/llama-3.3-70b-versatile
10:17:56 - LiteLLM:INFO: utils.py:3932 - 
LiteLLM completion() model= llama-3.3-70b-versatile; provider = groq
10:17:56 | INFO     | LiteLLM                   | 
LiteLLM completion() model= llama-3.3-70b-versatile; provider = groq
10:17:57 | INFO     | app.core.llm_router       | [copywriter] \u2705 Sucesso via groq/groq/llama-3.3-70b-versatile (992 tokens)
10:17:57 | INFO     | app.agents.copywriter     | [Copywriter] 3 copies geradas para 'troca de pneus aro 15' via groq
ÔöîÔöÇÔöÇÔöÇÔöÇÔöÇÔöÇÔöÇÔöÇÔöÇÔöÇÔöÇÔöÇÔöÇÔöÇÔöÇÔöÇÔöÇÔöÇÔöÇÔöÇÔöÇÔöÇÔöÇÔöÇÔöÇÔöÇÔöÇÔöÇÔöÇÔöÇÔöÇÔöÇÔöÇÔöÇ Op├º├úo 1 ÔöÇÔöÇÔöÇÔöÇÔöÇÔöÇÔöÇÔöÇÔöÇÔöÇÔöÇÔöÇÔöÇÔöÇÔöÇÔöÇÔöÇÔöÇÔöÇÔöÇÔöÇÔöÇÔöÇÔöÇÔöÇÔöÇÔöÇÔöÇÔöÇÔöÇÔöÇÔöÇÔöÇÔöÇÔöÉ
Ôöé T├¡tulo: Pneus Aro 15                                                        Ôöé
Ôöé Texto: Troca de pneus aro 15 com garantia! Diagn├│stico gratuito.            Ôöé
Ôöé Descri├º├úo: Pre├ºos justos, sem surpresas                                     Ôöé
Ôöé CTA: AGENDAR_AGORA                                                          Ôöé
ÔööÔöÇÔöÇÔöÇÔöÇÔöÇÔöÇÔöÇÔöÇÔöÇÔöÇÔöÇÔöÇÔöÇÔöÇÔöÇÔöÇÔöÇÔöÇÔöÇÔöÇÔöÇÔöÇÔöÇÔöÇÔöÇÔöÇÔöÇÔöÇÔöÇÔöÇÔöÇÔöÇÔöÇÔöÇÔöÇÔöÇÔöÇÔöÇÔöÇÔöÇÔöÇÔöÇÔöÇÔöÇÔöÇÔöÇÔöÇÔöÇÔöÇÔöÇÔöÇÔöÇÔöÇÔöÇÔöÇÔöÇÔöÇÔöÇÔöÇÔöÇÔöÇÔöÇÔöÇÔöÇÔöÇÔöÇÔöÇÔöÇÔöÇÔöÇÔöÇÔöÇÔöÇÔöÇÔöÇÔöÇÔöÇÔöÿ
ÔöîÔöÇÔöÇÔöÇÔöÇÔöÇÔöÇÔöÇÔöÇÔöÇÔöÇÔöÇÔöÇÔöÇÔöÇÔöÇÔöÇÔöÇÔöÇÔöÇÔöÇÔöÇÔöÇÔöÇÔöÇÔöÇÔöÇÔöÇÔöÇÔöÇÔöÇÔöÇÔöÇÔöÇÔöÇ Op├º├úo 2 ÔöÇÔöÇÔöÇÔöÇÔöÇÔöÇÔöÇÔöÇÔöÇÔöÇÔöÇÔöÇÔöÇÔöÇÔöÇÔöÇÔöÇÔöÇÔöÇÔöÇÔöÇÔöÇÔöÇÔöÇÔöÇÔöÇÔöÇÔöÇÔöÇÔöÇÔöÇÔöÇÔöÇÔöÇÔöÉ
Ôöé T├¡tulo: Seguran├ºa na Pista                                                  Ôöé
Ôöé Texto: Pneus aro 15 novos, diagn├│stico gratuito e pre├ºos transparentes.     Ôöé
Ôöé Descri├º├úo: Agende agora e dirija com seguran├ºa                              Ôöé
Ôöé CTA: AGENDAR_AGORA                                                          Ôöé
ÔööÔöÇÔöÇÔöÇÔöÇÔöÇÔöÇÔöÇÔöÇÔöÇÔöÇÔöÇÔöÇÔöÇÔöÇÔöÇÔöÇÔöÇÔöÇÔöÇÔöÇÔöÇÔöÇÔöÇÔöÇÔöÇÔöÇÔöÇÔöÇÔöÇÔöÇÔöÇÔöÇÔöÇÔöÇÔöÇÔöÇÔöÇÔöÇÔöÇÔöÇÔöÇÔöÇÔöÇÔöÇÔöÇÔöÇÔöÇÔöÇÔöÇÔöÇÔöÇÔöÇÔöÇÔöÇÔöÇÔöÇÔöÇÔöÇÔöÇÔöÇÔöÇÔöÇÔöÇÔöÇÔöÇÔöÇÔöÇÔöÇÔöÇÔöÇÔöÇÔöÇÔöÇÔöÇÔöÇÔöÇÔöÇÔöÿ
ÔöîÔöÇÔöÇÔöÇÔöÇÔöÇÔöÇÔöÇÔöÇÔöÇÔöÇÔöÇÔöÇÔöÇÔöÇÔöÇÔöÇÔöÇÔöÇÔöÇÔöÇÔöÇÔöÇÔöÇÔöÇÔöÇÔöÇÔöÇÔöÇÔöÇÔöÇÔöÇÔöÇÔöÇÔöÇ Op├º├úo 3 ÔöÇÔöÇÔöÇÔöÇÔöÇÔöÇÔöÇÔöÇÔöÇÔöÇÔöÇÔöÇÔöÇÔöÇÔöÇÔöÇÔöÇÔöÇÔöÇÔöÇÔöÇÔöÇÔöÇÔöÇÔöÇÔöÇÔöÇÔöÇÔöÇÔöÇÔöÇÔöÇÔöÇÔöÇÔöÉ
Ôöé T├¡tulo: Pneus Aro 15 Confi├íveis                                             Ôöé
Ôöé Texto: Troca de pneus com garantia, pre├ºo justo e sem surpresas.            Ôöé
Ôöé Diagn├│stico gratuito!                                                       Ôöé
Ôöé Descri├º├úo: Pre├ºos competitivos, qualidade garantida                         Ôöé
Ôöé CTA: AGENDAR_AGORA                                                          Ôöé
ÔööÔöÇÔöÇÔöÇÔöÇÔöÇÔöÇÔöÇÔöÇÔöÇÔöÇÔöÇÔöÇÔöÇÔöÇÔöÇÔöÇÔöÇÔöÇÔöÇÔöÇÔöÇÔöÇÔöÇÔöÇÔöÇÔöÇÔöÇÔöÇÔöÇÔöÇÔöÇÔöÇÔöÇÔöÇÔöÇÔöÇÔöÇÔöÇÔöÇÔöÇÔöÇÔöÇÔöÇÔöÇÔöÇÔöÇÔöÇÔöÇÔöÇÔöÇÔöÇÔöÇÔöÇÔöÇÔöÇÔöÇÔöÇÔöÇÔöÇÔöÇÔöÇÔöÇÔöÇÔöÇÔöÇÔöÇÔöÇÔöÇÔöÇÔöÇÔöÇÔöÇÔöÇÔöÇÔöÇÔöÇÔöÇÔöÿ
via groq / groq/llama-3.3-70b-versatile (992 tokens)

3/5 ÔÜû´©Å COMPLIANCE ÔÇö Validando copies...
10:17:57 | INFO     | app.core.llm_router       | [compliance] Tentando: groq/groq/llama-3.3-70b-versatile
10:17:57 - LiteLLM:INFO: utils.py:3932 - 
LiteLLM completion() model= llama-3.3-70b-versatile; provider = groq
10:17:57 | INFO     | LiteLLM                   | 
LiteLLM completion() model= llama-3.3-70b-versatile; provider = groq
10:17:58 | INFO     | app.core.llm_router       | [compliance] \u2705 Sucesso via groq/groq/llama-3.3-70b-versatile (914 tokens)
10:17:58 | INFO     | app.agents.compliance     | [Compliance] Resultado: \u2705 APROVADO | Risco: BAIXO | via groq
  Status: Ô£à APROVADO  Risco: BAIXO
via groq / groq/llama-3.3-70b-versatile (914 tokens)

4/5 ­ƒôÉ EXECUTOR ÔÇö Montando JSON Meta API...
10:17:58 | INFO     | app.core.llm_router       | [executor] Tentando: groq/groq/llama-3.3-70b-versatile
10:17:58 - LiteLLM:INFO: utils.py:3932 - 
LiteLLM completion() model= llama-3.3-70b-versatile; provider = groq
10:17:58 | INFO     | LiteLLM                   | 
LiteLLM completion() model= llama-3.3-70b-versatile; provider = groq
10:17:59 | INFO     | app.core.llm_router       | [executor] \u2705 Sucesso via groq/groq/llama-3.3-70b-versatile (1244 tokens)
10:17:59 | INFO     | app.agents.executor       | [Executor] JSONs montados para 'troca de pneus aro 15' via groq (1244 tokens)
ÔöîÔöÇÔöÇÔöÇÔöÇÔöÇÔöÇÔöÇÔöÇÔöÇÔöÇÔöÇÔöÇÔöÇÔöÇÔöÇÔöÇÔöÇÔöÇÔöÇÔöÇÔöÇÔöÇÔöÇÔöÇÔöÇÔöÇ Ô£à JSON Meta API Pronto ÔöÇÔöÇÔöÇÔöÇÔöÇÔöÇÔöÇÔöÇÔöÇÔöÇÔöÇÔöÇÔöÇÔöÇÔöÇÔöÇÔöÇÔöÇÔöÇÔöÇÔöÇÔöÇÔöÇÔöÇÔöÇÔöÇÔöÉ
Ôöé {                                                                           Ôöé
Ôöé   "campaign": {                                                             Ôöé
Ôöé     "name": "Troca de Pneus Aro 15",                                        Ôöé
Ôöé     "objective": "OUTCOME_LEADS",                                           Ôöé
Ôöé     "status": "PAUSED",                                                     Ôöé
Ôöé     "special_ad_categories": []                                             Ôöé
Ôöé   },                                                                        Ôöé
Ôöé   "adset": {                                                                Ôöé
Ôöé     "name": "P├║blico-Alvo Troca de Pneus",                                  Ôöé
Ôöé     "campaign_id": "{campaign_id}",                                         Ôöé
Ôöé     "daily_budget": 5000,                                                   Ôöé
Ôöé     "billing_event": "IMPRESSIONS",                                         Ôöé
Ôöé     "optimization_goal": "LEAD_GENERATION",                                 Ôöé
Ôöé     "bid_strategy": "LOWEST_COST_WITHOUT_CAP",                              Ôöé
Ôöé     "targeting": {                                                          Ôöé
Ôöé       "age_min": 18,                                                        Ôöé
Ôöé       "age_max": 65,                                                        Ôöé
Ôöé       "genders": [                                                          Ôöé
Ôöé         0,                                                                  Ôöé
Ôöé         1                                                                   Ôöé
Ôöé       ],                                                                    Ôöé
Ôöé       "geo_locations": {                                                    Ôöé
Ôöé         "cities": [                                                         Ôöé
Ôöé           "S├úo Paulo"                                                       Ôöé
Ôöé         ],                                                                  Ôöé
Ôöé         "regions": [                                                        Ôöé
Ôöé           "S├úo Paulo"                                                       Ôöé
Ôöé         ],                                                                  Ôöé
Ôöé         "country": "BR",                                                    Ôöé
Ôöé         "zip": ""                                                           Ôöé
Ôöé       },                                                                    Ôöé
Ôöé       "interests": [                                                        Ôöé
Ôöé         "carros",                                                           Ôöé
Ôöé         "manuten├º├úo automotiva",                                            Ôöé
Ôöé         "seguran├ºa no tr├ónsito"                                             Ôöé
Ôöé       ]                                                                     Ôöé
Ôöé     },                                                                      Ôöé
Ôöé     "status": "PAUSED"                                                      Ôöé
Ôöé   },                                                                        Ôöé
Ôöé   "ad": {                                                                   Ôöé
Ôöé     "name": "An├║ncio Troca de Pneus Aro 15",                                Ôöé
Ôöé     "adset_id": "{adset_id}",                                               Ôöé
Ôöé     "creative": {                                                           Ôöé
Ôöé       "title": "Pneus Aro 15",                                              Ôöé
Ôöé       "body": "Troca de pneus aro 15 com garantia! Diagn├│stico gratuito.    Ôöé
Ôöé Pre├ºos justos, sem surpresas",                                              Ôöé
Ôöé       "link_url": "https://exemplo.com.br",                                 Ôöé
Ôöé       "call_to_action_type": "AGENDAR_AGORA"                                Ôöé
Ôöé     },                                                                      Ôöé
Ôöé     "status": "PAUSED"                                                      Ôöé
Ôöé   }                                                                         Ôöé
Ôöé }                                                                           Ôöé
ÔööÔöÇÔöÇÔöÇÔöÇÔöÇÔöÇÔöÇÔöÇÔöÇÔöÇÔöÇÔöÇÔöÇÔöÇÔöÇÔöÇÔöÇÔöÇÔöÇÔöÇÔöÇÔöÇÔöÇÔöÇÔöÇÔöÇÔöÇÔöÇÔöÇÔöÇÔöÇÔöÇÔöÇÔöÇÔöÇÔöÇÔöÇÔöÇÔöÇÔöÇÔöÇÔöÇÔöÇÔöÇÔöÇÔöÇÔöÇÔöÇÔöÇÔöÇÔöÇÔöÇÔöÇÔöÇÔöÇÔöÇÔöÇÔöÇÔöÇÔöÇÔöÇÔöÇÔöÇÔöÇÔöÇÔöÇÔöÇÔöÇÔöÇÔöÇÔöÇÔöÇÔöÇÔöÇÔöÇÔöÇÔöÇÔöÿ
via groq / groq/llama-3.3-70b-versatile (1244 tokens)

5/5 ­ƒôè ANALISTA ÔÇö Analisando m├®tricas simuladas...
10:17:59 | INFO     | app.agents.analyst        | [Analista] Diagn¾stico rßpido para 'Pneu Aro 15 ù Zona Sul SP': SAUDAVEL (320 cliques)
10:17:59 | INFO     | app.core.llm_router       | [analyst] Tentando: google/gemini/gemini-2.0-flash
10:17:59 - LiteLLM:INFO: utils.py:3932 - 
LiteLLM completion() model= gemini-2.0-flash; provider = gemini
10:17:59 | INFO     | LiteLLM                   | 
LiteLLM completion() model= gemini-2.0-flash; provider = gemini
10:17:59 | WARNING  | app.core.llm_router       | [analyst] \u26a0\ufe0f Falha em google/gemini/gemini-2.0-flash: RateLimitError: litellm.RateLimitError: litellm.RateLimitError: geminiException - {
  "error": {
    "code": 429,
    "message": "You exceeded your current quota, please check your plan and billing details. For more information on this error, head to: https://ai.google.dev/gemini-api/docs/rate-limits. To monitor your current usage, head to: https://ai.dev/rate-limit. \n* Quota exceeded for metric: generativelanguage.googleapis.com/generate_content_free_tier_requests, limit: 0, model: gemini-2.0-flash\n* Quota exceeded for metric: generativelanguage.googleapis.com/generate_content_free_tier_requests, limit: 0, model: gemini-2.0-flash\n* Quota exceeded for metric: generativelanguage.googleapis.com/generate_content_free_tier_input_token_count, limit: 0, model: gemini-2.0-flash\nPlease retry in 59.990057021s.",
    "status": "RESOURCE_EXHAUSTED",
    "details": [
      {
        "@type": "type.googleapis.com/google.rpc.Help",
        "links": [
          {
            "description": "Learn more about Gemini API quotas",
            "url": "https://ai.google.dev/gemini-api/docs/rate-limits"
          }
        ]
      },
      {
        "@type": "type.googleapis.com/google.rpc.QuotaFailure",
        "violations": [
          {
            "quotaMetric": "generativelanguage.googleapis.com/generate_content_free_tier_requests",
            "quotaId": "GenerateRequestsPerDayPerProjectPerModel-FreeTier",
            "quotaDimensions": {
              "location": "global",
              "model": "gemini-2.0-flash"
            }
          },
          {
            "quotaMetric": "generativelanguage.googleapis.com/generate_content_free_tier_requests",
            "quotaId": "GenerateRequestsPerMinutePerProjectPerModel-FreeTier",
            "quotaDimensions": {
              "location": "global",
              "model": "gemini-2.0-flash"
            }
          },
          {
            "quotaMetric": "generativelanguage.googleapis.com/generate_content_free_tier_input_token_count",
            "quotaId": "GenerateContentInputTokensPerModelPerMinute-FreeTier",
            "quotaDimensions": {
              "location": "global",
              "model": "gemini-2.0-flash"
            }
          }
        ]
      },
      {
        "@type": "type.googleapis.com/google.rpc.RetryInfo",
        "retryDelay": "59s"
      }
    ]
  }
}
. Tentando pr¾ximo...
10:17:59 | INFO     | app.core.llm_router       | [analyst] Tentando: groq/groq/llama-3.3-70b-versatile
10:17:59 - LiteLLM:INFO: utils.py:3932 - 
LiteLLM completion() model= llama-3.3-70b-versatile; provider = groq
10:17:59 | INFO     | LiteLLM                   | 
LiteLLM completion() model= llama-3.3-70b-versatile; provider = groq
10:18:01 | INFO     | app.core.llm_router       | [analyst] \u2705 Sucesso via groq/groq/llama-3.3-70b-versatile (1251 tokens)
10:18:01 | INFO     | app.agents.analyst        | [Analista] RecomendaþÒo para 'Pneu Aro 15 ù Zona Sul SP': MANTER (via groq)
ÔöîÔöÇÔöÇÔöÇÔöÇÔöÇÔöÇÔöÇÔöÇÔöÇÔöÇÔöÇÔöÇÔöÇÔöÇÔöÇÔöÇÔöÇÔöÇÔöÇÔöÇÔöÇÔöÇÔöÇÔöÇÔöÇÔöÇÔöÇ Ô£à An├ílise Conclu├¡da ÔöÇÔöÇÔöÇÔöÇÔöÇÔöÇÔöÇÔöÇÔöÇÔöÇÔöÇÔöÇÔöÇÔöÇÔöÇÔöÇÔöÇÔöÇÔöÇÔöÇÔöÇÔöÇÔöÇÔöÇÔöÇÔöÇÔöÇÔöÇÔöÉ
Ôöé Resumo: A campanha apresenta um desempenho saud├ível, com ROAS acima do      Ôöé
Ôöé m├¡nimo estabelecido e CPC abaixo do m├®dio do nicho. O CTR ├® alto, indicando Ôöé
Ôöé engajamento do p├║blico com o an├║ncio.                                       Ôöé
Ôöé                                                                             Ôöé
Ôöé Diagn├│stico: SAUDAVEL                                                       Ôöé
Ôöé Recomenda├º├úo: MANTER                                                        Ôöé
Ôöé Motivo: A campanha est├í gerando um ROAS de 2.1, acima do m├¡nimo             Ôöé
Ôöé estabelecido de 1.5x, e o CPC ├® significativamente abaixo do m├®dio do       Ôöé
Ôöé nicho, o que indica uma boa efici├¬ncia. Al├®m disso, o CTR ├® alto e a        Ôöé
Ôöé frequ├¬ncia est├í dentro do limite aceit├ível.                                 Ôöé
Ôöé                                                                             Ôöé
Ôöé Sugest├Áes:                                                                  Ôöé
Ôöé   ÔÇó Aumentar o or├ºamento para explorar mais o potencial da campanha         Ôöé
Ôöé   ÔÇó Monitorar o desempenho da campanha para garantir que o ROAS e o CPC     Ôöé
Ôöé continuem dentro dos par├ómetros desejados                                   Ôöé
ÔööÔöÇÔöÇÔöÇÔöÇÔöÇÔöÇÔöÇÔöÇÔöÇÔöÇÔöÇÔöÇÔöÇÔöÇÔöÇÔöÇÔöÇÔöÇÔöÇÔöÇÔöÇÔöÇÔöÇÔöÇÔöÇÔöÇÔöÇÔöÇÔöÇÔöÇÔöÇÔöÇÔöÇÔöÇÔöÇÔöÇÔöÇÔöÇÔöÇÔöÇÔöÇÔöÇÔöÇÔöÇÔöÇÔöÇÔöÇÔöÇÔöÇÔöÇÔöÇÔöÇÔöÇÔöÇÔöÇÔöÇÔöÇÔöÇÔöÇÔöÇÔöÇÔöÇÔöÇÔöÇÔöÇÔöÇÔöÇÔöÇÔöÇÔöÇÔöÇÔöÇÔöÇÔöÇÔöÇÔöÇÔöÇÔöÿ
via groq / groq/llama-3.3-70b-versatile (1251 tokens)


ÔöîÔöÇÔöÇÔöÇÔöÇÔöÇÔöÇÔöÇÔöÇÔöÇÔöÇÔöÇÔöÇÔöÇÔöÇÔöÇÔöÇÔöÇÔöÇÔöÇÔöÇÔöÇÔöÇÔöÇÔöÇÔöÇÔöÇÔöÇÔöÇÔöÇÔöÇÔöÇÔöÇÔöÇÔöÇÔöÇÔöÇÔöÇÔöÇÔöÇÔöÇÔöÇÔöÇÔöÇÔöÇÔöÇÔöÇÔöÇÔöÇÔöÇÔöÇÔöÇÔöÇÔöÇÔöÇÔöÇÔöÇÔöÇÔöÇÔöÇÔöÇÔöÇÔöÇÔöÇÔöÇÔöÇÔöÇÔöÇÔöÇÔöÇÔöÇÔöÇÔöÇÔöÇÔöÇÔöÇÔöÇÔöÇÔöÉ
Ôöé ­ƒÄë FASE 2 CONCLU├ìDA COM SUCESSO!                                            Ôöé
Ôöé Todos os 5 agentes responderam corretamente.                                Ôöé
Ôöé Pr├│ximo passo: Fase 3 ÔÇö Integra├º├úo Meta Ads API.                            Ôöé
ÔööÔöÇÔöÇÔöÇÔöÇÔöÇÔöÇÔöÇÔöÇÔöÇÔöÇÔöÇÔöÇÔöÇÔöÇÔöÇÔöÇÔöÇÔöÇÔöÇÔöÇÔöÇÔöÇÔöÇÔöÇÔöÇÔöÇÔöÇÔöÇÔöÇÔöÇÔöÇÔöÇÔöÇÔöÇÔöÇÔöÇÔöÇÔöÇÔöÇÔöÇÔöÇÔöÇÔöÇÔöÇÔöÇÔöÇÔöÇÔöÇÔöÇÔöÇÔöÇÔöÇÔöÇÔöÇÔöÇÔöÇÔöÇÔöÇÔöÇÔöÇÔöÇÔöÇÔöÇÔöÇÔöÇÔöÇÔöÇÔöÇÔöÇÔöÇÔöÇÔöÇÔöÇÔöÇÔöÇÔöÇÔöÇÔöÿ
10:18:01 | ERROR    | asyncio                   | Fatal error on SSL transport
protocol: <asyncio.sslproto.SSLProtocol object at 0x0000018526F8DE40>
transport: <_ProactorSocketTransport fd=-1 read=<_OverlappedFuture cancelled>>
Traceback (most recent call last):
  File "C:\Users\Victor\AppData\Local\Programs\Python\Python310\lib\asyncio\sslproto.py", line 690, in _process_write_backlog
    self._transport.write(chunk)
  File "C:\Users\Victor\AppData\Local\Programs\Python\Python310\lib\asyncio\proactor_events.py", line 365, in write
    self._loop_writing(data=bytes(data))
  File "C:\Users\Victor\AppData\Local\Programs\Python\Python310\lib\asyncio\proactor_events.py", line 401, in _loop_writing
    self._write_fut = self._loop._proactor.send(self._sock, data)
AttributeError: 'NoneType' object has no attribute 'send'
Exception ignored in: <function _SSLProtocolTransport.__del__ at 0x00000185231D1240>
Traceback (most recent call last):
  File "C:\Users\Victor\AppData\Local\Programs\Python\Python310\lib\asyncio\sslproto.py", line 321, in __del__
    self.close()
  File "C:\Users\Victor\AppData\Local\Programs\Python\Python310\lib\asyncio\sslproto.py", line 316, in close
    self._ssl_protocol._start_shutdown()
  File "C:\Users\Victor\AppData\Local\Programs\Python\Python310\lib\asyncio\sslproto.py", line 599, in _start_shutdown
    self._write_appdata(b'')
  File "C:\Users\Victor\AppData\Local\Programs\Python\Python310\lib\asyncio\sslproto.py", line 604, in _write_appdata
    self._process_write_backlog()
  File "C:\Users\Victor\AppData\Local\Programs\Python\Python310\lib\asyncio\sslproto.py", line 712, in _process_write_backlog
    self._fatal_error(exc, 'Fatal error on SSL transport')
  File "C:\Users\Victor\AppData\Local\Programs\Python\Python310\lib\asyncio\sslproto.py", line 726, in _fatal_error
    self._transport._force_close(exc)
  File "C:\Users\Victor\AppData\Local\Programs\Python\Python310\lib\asyncio\proactor_events.py", line 152, in _force_close
    self._loop.call_soon(self._call_connection_lost, exc)
  File "C:\Users\Victor\AppData\Local\Programs\Python\Python310\lib\asyncio\base_events.py", line 753, in call_soon
    self._check_closed()
  File "C:\Users\Victor\AppData\Local\Programs\Python\Python310\lib\asyncio\base_events.py", line 515, in _check_closed
    raise RuntimeError('Event loop is closed')
RuntimeError: Event loop is closed
10:18:01 | ERROR    | asyncio                   | Fatal error on SSL transport
protocol: <asyncio.sslproto.SSLProtocol object at 0x000001852BC72200>
transport: <_ProactorSocketTransport fd=-1 read=<_OverlappedFuture cancelled>>
Traceback (most recent call last):
  File "C:\Users\Victor\AppData\Local\Programs\Python\Python310\lib\asyncio\sslproto.py", line 690, in _process_write_backlog
    self._transport.write(chunk)
  File "C:\Users\Victor\AppData\Local\Programs\Python\Python310\lib\asyncio\proactor_events.py", line 365, in write
    self._loop_writing(data=bytes(data))
  File "C:\Users\Victor\AppData\Local\Programs\Python\Python310\lib\asyncio\proactor_events.py", line 401, in _loop_writing
    self._write_fut = self._loop._proactor.send(self._sock, data)
AttributeError: 'NoneType' object has no attribute 'send'
Exception ignored in: <function _SSLProtocolTransport.__del__ at 0x00000185231D1240>
Traceback (most recent call last):
  File "C:\Users\Victor\AppData\Local\Programs\Python\Python310\lib\asyncio\sslproto.py", line 321, in __del__
    self.close()
  File "C:\Users\Victor\AppData\Local\Programs\Python\Python310\lib\asyncio\sslproto.py", line 316, in close
    self._ssl_protocol._start_shutdown()
  File "C:\Users\Victor\AppData\Local\Programs\Python\Python310\lib\asyncio\sslproto.py", line 599, in _start_shutdown
    self._write_appdata(b'')
  File "C:\Users\Victor\AppData\Local\Programs\Python\Python310\lib\asyncio\sslproto.py", line 604, in _write_appdata
    self._process_write_backlog()
  File "C:\Users\Victor\AppData\Local\Programs\Python\Python310\lib\asyncio\sslproto.py", line 712, in _process_write_backlog
    self._fatal_error(exc, 'Fatal error on SSL transport')
  File "C:\Users\Victor\AppData\Local\Programs\Python\Python310\lib\asyncio\sslproto.py", line 726, in _fatal_error
    self._transport._force_close(exc)
  File "C:\Users\Victor\AppData\Local\Programs\Python\Python310\lib\asyncio\proactor_events.py", line 152, in _force_close
    self._loop.call_soon(self._call_connection_lost, exc)
  File "C:\Users\Victor\AppData\Local\Programs\Python\Python310\lib\asyncio\base_events.py", line 753, in call_soon
    self._check_closed()
  File "C:\Users\Victor\AppData\Local\Programs\Python\Python310\lib\asyncio\base_events.py", line 515, in _check_closed
    raise RuntimeError('Event loop is closed')
RuntimeError: Event loop is closed
